[0.098s][info][gc] Using Serial
[1.527s][info][gc] GC(0) Pause Young (Allocation Failure) 3M->1M(11M) 6.758ms
[3.038s][info][gc] GC(1) Pause Young (Allocation Failure) 5M->2M(11M) 5.379ms
[3.171s][info][gc] GC(2) Pause Young (Allocation Failure) 5M->3M(11M) 2.739ms
[3.244s][info][gc] GC(3) Pause Young (Allocation Failure) 6M->2M(11M) 2.216ms
[5.307s][info][gc] GC(4) Pause Young (Allocation Failure) 6M->3M(11M) 1.800ms
[6.165s][info][gc] GC(5) Pause Young (Allocation Failure) 6M->3M(11M) 4.986ms
[10.624s][info][gc] GC(6) Pause Young (Allocation Failure) 6M->4M(11M) 3.120ms
[10.675s][info][gc] GC(7) Pause Young (Allocation Failure) 7M->6M(11M) 3.354ms
[10.750s][info][gc] GC(8) Pause Young (Allocation Failure) 9M->9M(11M) 0.085ms
[10.771s][info][gc] GC(9) Pause Full (Allocation Failure) 9M->6M(11M) 21.192ms
[10.784s][info][gc] GC(10) Pause Young (Allocation Failure) 9M->9M(11M) 0.070ms
[10.806s][info][gc] GC(11) Pause Full (Allocation Failure) 9M->6M(11M) 21.542ms
[10.815s][info][gc] GC(12) Pause Young (Allocation Failure) 9M->9M(11M) 0.068ms
[10.833s][info][gc] GC(13) Pause Full (Allocation Failure) 9M->6M(11M) 17.321ms
[10.844s][info][gc] GC(14) Pause Young (Allocation Failure) 9M->9M(11M) 0.056ms
[10.865s][info][gc] GC(15) Pause Full (Allocation Failure) 9M->6M(11M) 20.682ms
[10.873s][info][gc] GC(16) Pause Young (Allocation Failure) 9M->9M(11M) 0.071ms
[10.891s][info][gc] GC(17) Pause Full (Allocation Failure) 9M->6M(11M) 17.519ms
[10.903s][info][gc] GC(18) Pause Young (Allocation Failure) 9M->9M(11M) 0.064ms
[10.922s][info][gc] GC(19) Pause Full (Allocation Failure) 9M->6M(11M) 19.481ms
[10.932s][info][gc] GC(20) Pause Young (Allocation Failure) 10M->10M(11M) 0.076ms
[10.951s][info][gc] GC(21) Pause Full (Allocation Failure) 10M->7M(11M) 18.615ms
[10.971s][info][gc] GC(22) Pause Young (Allocation Failure) 10M->10M(11M) 0.049ms
[10.994s][info][gc] GC(23) Pause Full (Allocation Failure) 10M->4M(11M) 22.521ms
[18.074s][info][gc] GC(24) Pause Young (Allocation Failure) 7M->4M(11M) 0.824ms
[37.511s][info][gc] GC(25) Pause Young (Allocation Failure) 8M->5M(11M) 0.921ms
[65.605s][info][gc] GC(26) Pause Young (Allocation Failure) 8M->5M(11M) 1.098ms
[94.616s][info][gc] GC(27) Pause Young (Allocation Failure) 8M->5M(11M) 0.695ms
[124.089s][info][gc] GC(28) Pause Young (Allocation Failure) 8M->5M(11M) 1.030ms
