[0.047s][info][gc] Using The Z Garbage Collector
[0.292s][info][gc] GC(0) Garbage Collection (Warmup) 2M(12%)->4M(25%)
[0.397s][info][gc] GC(1) Garbage Collection (Warmup) 4M(25%)->4M(25%)
[1.194s][info][gc] GC(2) Garbage Collection (Warmup) 6M(38%)->4M(25%)
[3.002s][info][gc] GC(3) Garbage Collection (Proactive) 8M(50%)->6M(38%)
[3.231s][info][gc] Relocation Stall (C1 CompilerThread0) 5.001ms
[3.231s][info][gc] GC(4) Garbage Collection (Allocation Rate) 14M(88%)->10M(62%)
[3.231s][info][gc] Relocation Stall (Common-Cleaner) 4.753ms
[3.236s][info][gc] Allocation Stall (Attach Listener) 15.282ms
[3.318s][info][gc] GC(5) Garbage Collection (Allocation Stall) 12M(75%)->6M(38%)
[3.402s][info][gc] GC(6) Garbage Collection (Allocation Rate) 6M(38%)->6M(38%)
[3.491s][info][gc] GC(7) Garbage Collection (Allocation Rate) 6M(38%)->6M(38%)
[3.599s][info][gc] GC(8) Garbage Collection (Allocation Rate) 6M(38%)->6M(38%)
[3.694s][info][gc] GC(9) Garbage Collection (Allocation Rate) 6M(38%)->8M(50%)
[3.806s][info][gc] GC(10) Garbage Collection (Allocation Rate) 8M(50%)->8M(50%)
[3.903s][info][gc] GC(11) Garbage Collection (Allocation Rate) 8M(50%)->8M(50%)
[3.998s][info][gc] GC(12) Garbage Collection (Allocation Rate) 8M(50%)->8M(50%)
[4.112s][info][gc] GC(13) Garbage Collection (Allocation Rate) 8M(50%)->8M(50%)
[4.203s][info][gc] GC(14) Garbage Collection (Allocation Rate) 8M(50%)->8M(50%)
[4.414s][info][gc] GC(15) Garbage Collection (Allocation Rate) 10M(62%)->8M(50%)
[4.497s][info][gc] GC(16) Garbage Collection (Allocation Rate) 8M(50%)->8M(50%)
[4.602s][info][gc] GC(17) Garbage Collection (Allocation Rate) 8M(50%)->8M(50%)
[4.696s][info][gc] GC(18) Garbage Collection (Allocation Rate) 8M(50%)->8M(50%)
[4.792s][info][gc] GC(19) Garbage Collection (Allocation Rate) 8M(50%)->8M(50%)
[10.416s][info][gc] GC(20) Garbage Collection (Proactive) 10M(62%)->10M(62%)
[10.584s][info][gc] Relocation Stall (main) 0.003ms
[10.584s][info][gc] Allocation Stall (main) 32.832ms
[10.586s][info][gc] GC(21) Garbage Collection (Allocation Stall) 16M(100%)->14M(88%)
[10.586s][info][gc] Allocation Stall (JFR Periodic Tasks) 33.964ms
[10.656s][info][gc] Allocation Stall (main) 27.418ms
[10.659s][info][gc] GC(22) Garbage Collection (Allocation Stall) 16M(100%)->14M(88%)
[10.659s][info][gc] Allocation Stall (JFR Periodic Tasks) 21.045ms
[10.699s][info][gc] Allocation Stall (main) 24.727ms
[10.700s][info][gc] GC(23) Garbage Collection (Allocation Stall) 16M(100%)->16M(100%)
[10.700s][info][gc] Allocation Stall (JFR Periodic Tasks) 19.933ms
[10.733s][info][gc] Allocation Stall (main) 23.970ms
[10.735s][info][gc] GC(24) Garbage Collection (Allocation Stall) 16M(100%)->16M(100%)
[10.735s][info][gc] Allocation Stall (JFR Periodic Tasks) 23.953ms
[10.766s][info][gc] Allocation Stall (main) 22.784ms
[10.768s][info][gc] GC(25) Garbage Collection (Allocation Stall) 16M(100%)->16M(100%)
[10.768s][info][gc] Allocation Stall (JFR Periodic Tasks) 22.451ms
[10.799s][info][gc] Allocation Stall (main) 25.490ms
[10.801s][info][gc] GC(26) Garbage Collection (Allocation Stall) 16M(100%)->16M(100%)
[10.801s][info][gc] Allocation Stall (JFR Periodic Tasks) 23.556ms
[10.827s][info][gc] Allocation Stall (main) 22.442ms
[10.827s][info][gc] GC(27) Garbage Collection (Allocation Stall) 16M(100%)->16M(100%)
[10.849s][info][gc] GC(28) Garbage Collection (Allocation Stall) 16M(100%)->16M(100%)
[10.850s][info][gc] Allocation Stall (JFR Periodic Tasks) 39.132ms
[10.869s][info][gc] Allocation Stall (JFR Periodic Tasks) 19.761ms
[10.869s][info][gc] Allocation Stall (main) 37.044ms
[10.870s][info][gc] GC(29) Garbage Collection (Allocation Stall) 16M(100%)->10M(62%)
[10.898s][info][gc] GC(30) Garbage Collection (Allocation Rate) 12M(75%)->12M(75%)
[11.001s][info][gc] GC(31) Garbage Collection (Allocation Rate) 12M(75%)->12M(75%)
[11.100s][info][gc] GC(32) Garbage Collection (Allocation Rate) 12M(75%)->12M(75%)
[11.197s][info][gc] GC(33) Garbage Collection (Allocation Rate) 12M(75%)->12M(75%)
[11.294s][info][gc] GC(34) Garbage Collection (Allocation Rate) 12M(75%)->12M(75%)
[11.407s][info][gc] GC(35) Garbage Collection (Allocation Rate) 12M(75%)->12M(75%)
[11.516s][info][gc] GC(36) Garbage Collection (Allocation Rate) 12M(75%)->12M(75%)
[11.597s][info][gc] GC(37) Garbage Collection (Allocation Rate) 12M(75%)->12M(75%)
[11.699s][info][gc] GC(38) Garbage Collection (Allocation Rate) 12M(75%)->12M(75%)
[11.800s][info][gc] GC(39) Garbage Collection (Allocation Rate) 12M(75%)->12M(75%)
[11.899s][info][gc] GC(40) Garbage Collection (Allocation Rate) 12M(75%)->12M(75%)
[11.997s][info][gc] GC(41) Garbage Collection (Allocation Rate) 12M(75%)->12M(75%)
[12.096s][info][gc] GC(42) Garbage Collection (Allocation Rate) 12M(75%)->12M(75%)
[12.198s][info][gc] GC(43) Garbage Collection (Allocation Rate) 12M(75%)->12M(75%)
[12.301s][info][gc] GC(44) Garbage Collection (Allocation Rate) 12M(75%)->12M(75%)
[12.415s][info][gc] GC(45) Garbage Collection (Allocation Rate) 12M(75%)->12M(75%)
[12.502s][info][gc] GC(46) Garbage Collection (Allocation Rate) 12M(75%)->12M(75%)
[12.601s][info][gc] GC(47) Garbage Collection (Allocation Rate) 12M(75%)->12M(75%)
[12.693s][info][gc] GC(48) Garbage Collection (Allocation Rate) 12M(75%)->12M(75%)
[12.796s][info][gc] GC(49) Garbage Collection (Allocation Rate) 12M(75%)->12M(75%)
[12.897s][info][gc] GC(50) Garbage Collection (Allocation Rate) 12M(75%)->12M(75%)
[12.995s][info][gc] GC(51) Garbage Collection (Allocation Rate) 12M(75%)->12M(75%)
[13.097s][info][gc] GC(52) Garbage Collection (Allocation Rate) 12M(75%)->12M(75%)
[13.197s][info][gc] GC(53) Garbage Collection (Allocation Rate) 12M(75%)->12M(75%)
[13.295s][info][gc] GC(54) Garbage Collection (Allocation Rate) 12M(75%)->12M(75%)
[13.402s][info][gc] GC(55) Garbage Collection (Allocation Rate) 12M(75%)->12M(75%)
[13.510s][info][gc] GC(56) Garbage Collection (Allocation Rate) 12M(75%)->12M(75%)
[13.596s][info][gc] GC(57) Garbage Collection (Allocation Rate) 12M(75%)->12M(75%)
[13.694s][info][gc] GC(58) Garbage Collection (Allocation Rate) 12M(75%)->12M(75%)
[13.799s][info][gc] GC(59) Garbage Collection (Allocation Rate) 12M(75%)->12M(75%)
[13.896s][info][gc] GC(60) Garbage Collection (Allocation Rate) 12M(75%)->12M(75%)
[13.994s][info][gc] GC(61) Garbage Collection (Allocation Rate) 12M(75%)->12M(75%)
[14.097s][info][gc] GC(62) Garbage Collection (Allocation Rate) 12M(75%)->12M(75%)
[14.192s][info][gc] GC(63) Garbage Collection (Allocation Rate) 12M(75%)->12M(75%)
[14.300s][info][gc] GC(64) Garbage Collection (Allocation Rate) 12M(75%)->12M(75%)
[14.406s][info][gc] GC(65) Garbage Collection (Allocation Rate) 12M(75%)->12M(75%)
[14.496s][info][gc] GC(66) Garbage Collection (Allocation Rate) 12M(75%)->12M(75%)
[14.595s][info][gc] GC(67) Garbage Collection (Allocation Rate) 12M(75%)->12M(75%)
[14.694s][info][gc] GC(68) Garbage Collection (Allocation Rate) 12M(75%)->12M(75%)
[14.795s][info][gc] GC(69) Garbage Collection (Allocation Rate) 12M(75%)->12M(75%)
[14.894s][info][gc] GC(70) Garbage Collection (Allocation Rate) 12M(75%)->12M(75%)
[14.993s][info][gc] GC(71) Garbage Collection (Allocation Rate) 12M(75%)->12M(75%)
[15.096s][info][gc] GC(72) Garbage Collection (Allocation Rate) 12M(75%)->12M(75%)
[15.195s][info][gc] GC(73) Garbage Collection (Allocation Rate) 12M(75%)->12M(75%)
[15.299s][info][gc] GC(74) Garbage Collection (Allocation Rate) 12M(75%)->12M(75%)
[15.399s][info][gc] GC(75) Garbage Collection (Allocation Rate) 12M(75%)->12M(75%)
[15.503s][info][gc] GC(76) Garbage Collection (Allocation Rate) 12M(75%)->12M(75%)
[15.600s][info][gc] GC(77) Garbage Collection (Allocation Rate) 12M(75%)->12M(75%)
[15.696s][info][gc] GC(78) Garbage Collection (Allocation Rate) 12M(75%)->12M(75%)
[15.807s][info][gc] GC(79) Garbage Collection (Allocation Rate) 12M(75%)->12M(75%)
[15.905s][info][gc] GC(80) Garbage Collection (Allocation Rate) 12M(75%)->12M(75%)
[16.004s][info][gc] GC(81) Garbage Collection (Allocation Rate) 12M(75%)->12M(75%)
[16.112s][info][gc] GC(82) Garbage Collection (Allocation Rate) 12M(75%)->12M(75%)
[16.206s][info][gc] GC(83) Garbage Collection (Allocation Rate) 12M(75%)->12M(75%)
[16.305s][info][gc] GC(84) Garbage Collection (Allocation Rate) 12M(75%)->12M(75%)
[16.407s][info][gc] GC(85) Garbage Collection (Allocation Rate) 12M(75%)->12M(75%)
[16.510s][info][gc] GC(86) Garbage Collection (Allocation Rate) 12M(75%)->12M(75%)
[16.597s][info][gc] GC(87) Garbage Collection (Allocation Rate) 12M(75%)->12M(75%)
[16.704s][info][gc] GC(88) Garbage Collection (Allocation Rate) 12M(75%)->10M(62%)
[17.088s][info][gc] GC(89) Garbage Collection (Allocation Rate) 10M(62%)->10M(62%)
[17.192s][info][gc] GC(90) Garbage Collection (Allocation Rate) 10M(62%)->10M(62%)
[17.289s][info][gc] GC(91) Garbage Collection (Allocation Rate) 10M(62%)->10M(62%)
[17.398s][info][gc] GC(92) Garbage Collection (Allocation Rate) 12M(75%)->12M(75%)
[17.503s][info][gc] GC(93) Garbage Collection (Allocation Rate) 12M(75%)->12M(75%)
[17.592s][info][gc] GC(94) Garbage Collection (Allocation Rate) 12M(75%)->10M(62%)
[18.603s][info][gc] GC(95) Garbage Collection (Allocation Rate) 14M(88%)->12M(75%)
[19.795s][info][gc] GC(96) Garbage Collection (Allocation Rate) 12M(75%)->12M(75%)
[19.895s][info][gc] GC(97) Garbage Collection (Allocation Rate) 12M(75%)->10M(62%)
[21.200s][info][gc] GC(98) Garbage Collection (Proactive) 12M(75%)->12M(75%)
[31.509s][info][gc] GC(99) Garbage Collection (Allocation Rate) 14M(88%)->12M(75%)
[31.607s][info][gc] GC(100) Garbage Collection (Allocation Rate) 12M(75%)->10M(62%)
[33.206s][info][gc] GC(101) Garbage Collection (Proactive) 12M(75%)->12M(75%)
[43.420s][info][gc] GC(102) Garbage Collection (Allocation Rate) 14M(88%)->12M(75%)
[43.512s][info][gc] GC(103) Garbage Collection (Allocation Rate) 12M(75%)->12M(75%)
[43.604s][info][gc] GC(104) Garbage Collection (Allocation Rate) 12M(75%)->10M(62%)
[43.697s][info][gc] GC(105) Garbage Collection (Allocation Rate) 10M(62%)->10M(62%)
[43.809s][info][gc] GC(106) Garbage Collection (Allocation Rate) 10M(62%)->10M(62%)
[43.905s][info][gc] GC(107) Garbage Collection (Allocation Rate) 10M(62%)->10M(62%)
[45.093s][info][gc] GC(108) Garbage Collection (Proactive) 12M(75%)->12M(75%)
[55.501s][info][gc] GC(109) Garbage Collection (Allocation Rate) 14M(88%)->12M(75%)
[55.609s][info][gc] GC(110) Garbage Collection (Allocation Rate) 12M(75%)->10M(62%)
[57.209s][info][gc] GC(111) Garbage Collection (Proactive) 12M(75%)->12M(75%)
[68.412s][info][gc] GC(112) Garbage Collection (Allocation Rate) 14M(88%)->12M(75%)
[68.503s][info][gc] GC(113) Garbage Collection (Allocation Rate) 12M(75%)->10M(62%)
[70.193s][info][gc] GC(114) Garbage Collection (Proactive) 12M(75%)->10M(62%)
[71.696s][info][gc] GC(115) Garbage Collection (Proactive) 12M(75%)->12M(75%)
[82.621s][info][gc] GC(116) Garbage Collection (Allocation Rate) 14M(88%)->12M(75%)
[82.712s][info][gc] GC(117) Garbage Collection (Allocation Rate) 12M(75%)->12M(75%)
[82.819s][info][gc] GC(118) Garbage Collection (Allocation Rate) 12M(75%)->12M(75%)
[82.918s][info][gc] GC(119) Garbage Collection (Allocation Rate) 12M(75%)->10M(62%)
[83.003s][info][gc] GC(120) Garbage Collection (Allocation Rate) 10M(62%)->10M(62%)
[83.103s][info][gc] GC(121) Garbage Collection (Allocation Rate) 10M(62%)->10M(62%)
[83.210s][info][gc] GC(122) Garbage Collection (Allocation Rate) 10M(62%)->10M(62%)
[83.391s][info][gc] GC(123) Garbage Collection (Allocation Rate) 10M(62%)->10M(62%)
[83.537s][info][gc] GC(124) Garbage Collection (Allocation Rate) 12M(75%)->12M(75%)
[83.612s][info][gc] GC(125) Garbage Collection (Allocation Rate) 12M(75%)->12M(75%)
[83.711s][info][gc] GC(126) Garbage Collection (Allocation Rate) 12M(75%)->12M(75%)
[83.801s][info][gc] GC(127) Garbage Collection (Allocation Rate) 12M(75%)->10M(62%)
[84.612s][info][gc] GC(128) Garbage Collection (Allocation Rate) 12M(75%)->10M(62%)
[86.705s][info][gc] GC(129) Garbage Collection (Proactive) 12M(75%)->12M(75%)
[97.502s][info][gc] GC(130) Garbage Collection (Allocation Rate) 14M(88%)->12M(75%)
[97.597s][info][gc] GC(131) Garbage Collection (Allocation Rate) 12M(75%)->10M(62%)
[99.303s][info][gc] GC(132) Garbage Collection (Proactive) 12M(75%)->12M(75%)
[110.501s][info][gc] GC(133) Garbage Collection (Allocation Rate) 14M(88%)->12M(75%)
[110.617s][info][gc] GC(134) Garbage Collection (Allocation Rate) 12M(75%)->12M(75%)
[110.697s][info][gc] GC(135) Garbage Collection (Allocation Rate) 12M(75%)->10M(62%)
[110.795s][info][gc] GC(136) Garbage Collection (Allocation Rate) 10M(62%)->10M(62%)
[110.894s][info][gc] GC(137) Garbage Collection (Allocation Rate) 10M(62%)->10M(62%)
[110.998s][info][gc] GC(138) Garbage Collection (Allocation Rate) 10M(62%)->10M(62%)
[112.527s][info][gc] GC(139) Garbage Collection (Proactive) 12M(75%)->12M(75%)
[125.611s][info][gc] GC(140) Garbage Collection (Allocation Rate) 14M(88%)->12M(75%)
[125.696s][info][gc] GC(141) Garbage Collection (Allocation Rate) 12M(75%)->10M(62%)
[128.508s][info][gc] GC(142) Garbage Collection (Proactive) 12M(75%)->12M(75%)
[142.507s][info][gc] GC(143) Garbage Collection (Allocation Rate) 14M(88%)->12M(75%)
[142.604s][info][gc] GC(144) Garbage Collection (Allocation Rate) 12M(75%)->12M(75%)
[142.707s][info][gc] GC(145) Garbage Collection (Allocation Rate) 12M(75%)->10M(62%)
[142.797s][info][gc] GC(146) Garbage Collection (Allocation Rate) 10M(62%)->10M(62%)
[142.895s][info][gc] GC(147) Garbage Collection (Allocation Rate) 10M(62%)->10M(62%)
[143.008s][info][gc] GC(148) Garbage Collection (Allocation Rate) 10M(62%)->10M(62%)
[144.316s][info][gc] GC(149) Garbage Collection (Proactive) 12M(75%)->12M(75%)
[157.507s][info][gc] GC(150) Garbage Collection (Allocation Rate) 14M(88%)->12M(75%)
[157.610s][info][gc] GC(151) Garbage Collection (Allocation Rate) 12M(75%)->12M(75%)
[157.709s][info][gc] GC(152) Garbage Collection (Allocation Rate) 12M(75%)->10M(62%)
[157.799s][info][gc] GC(153) Garbage Collection (Allocation Rate) 10M(62%)->10M(62%)
[157.892s][info][gc] GC(154) Garbage Collection (Allocation Rate) 10M(62%)->10M(62%)
[158.011s][info][gc] GC(155) Garbage Collection (Allocation Rate) 10M(62%)->10M(62%)
[159.627s][info][gc] GC(156) Garbage Collection (Proactive) 12M(75%)->12M(75%)
